30CBDC8B7AFD4E079E93F1666220080B31A9B177F4D94DDCC1E5555FB8821F41
