5DF3D751994310F3ACBE57252B8605634376D8B99C94310960511ADAC2DCE097
